break_blade_1
break_blade_2
break_blade_3
break_blade_4
break_blade_5
break_blade_6
danmachi
danmachi_movie
danmachi_s1
danmachi_s2
danmachi_s3
danmachi_s4
danmachi_s5
danmachi_so
eight_six
evangelion_111
evangelion_222
evangelion_3010
evangelion_333
evangelion_tv
guilty_crown
gundam_0079
gundam_0080
gundam_0083
gundam_08ms
gundam_cca
gundam_f91
gundam_greco
gundam_greco_1
gundam_greco_2
gundam_greco_3
gundam_greco_4
gundam_greco_5
gundam_hathaway
gundam_ms_igloo
gundam_ms_igloo_2
gundam_nt
gundam_origin
gundam_seed
gundam_seed_astray
gundam_seed_destiny
gundam_seed_freedom
gundam_seed_stargazer
gundam_thunderbolt
gundam_thunderbolt_bandit
gundam_unicorn
gundam_victory
gundam_zeta
gundam_zz
macross_2
macross_7
macross_7_encore
macross_7_filme
macross_anime
macross_delta
macross_delta_filme1
macross_delta_filme2
macross_dynamite_7
macross_dyrl
macross_filme1
macross_filme2
macross_frontier
macross_frontier_filme1
macross_frontier_filme2
macross_frontier_filme3
macross_plus
macross_zero
sem_lore
sidonia
sidonia_movie
